2025-05-04 21:23:32,746 - batch_pipeline - INFO - Starting: Batch Processing Mode
2025-05-04 21:23:32,746 - batch_pipeline - INFO - Found 1 batch files to process
2025-05-04 21:23:32,747 - batch_pipeline - INFO - [94mProcessing batch file: input/batch\Nashville_housing_data_2013_2016_wrong_data.csv[0m
2025-05-04 21:23:32,747 - batch_pipeline - INFO - Starting: Reading Batch File
2025-05-04 21:23:32,747 - batch_pipeline - INFO - Reading file: input/batch\Nashville_housing_data_2013_2016_wrong_data.csv
2025-05-04 21:23:32,968 - batch_pipeline - INFO - [92mSuccessfully read file with shape: (56636, 31)[0m
2025-05-04 21:23:32,968 - batch_pipeline - INFO - Completed: Reading Batch File (Duration: 0:00:00.221194)
2025-05-04 21:23:32,968 - batch_pipeline - INFO - [92mSuccessfully Read file: input/batch\Nashville_housing_data_2013_2016_wrong_data.csv[0m
2025-05-04 21:23:32,968 - batch_pipeline - INFO - Initial Batch Data shape: (56636, 31)
2025-05-04 21:23:32,968 - batch_pipeline - INFO - Initial Batch Data columns: ['Unnamed: 0.1', 'Unnamed: 0', 'Parcel ID', 'Land Use', 'Property Address', 'Suite/ Condo   #', 'Property City', 'Sale Date', 'Sale Price', 'Legal Reference', 'Sold As Vacant', 'Multiple Parcels Involved in Sale', 'Owner Name', 'Address', 'City', 'State', 'Acreage', 'Tax District', 'Neighborhood', 'image', 'Land Value', 'Building Value', 'Total Value', 'Finished Area', 'Foundation Type', 'Year Built', 'Exterior Wall', 'Grade', 'Bedrooms', 'Full Bath', 'Half Bath']
2025-05-04 21:23:33,041 - batch_pipeline - DEBUG - Initial Batch Data info:
None
2025-05-04 21:23:33,058 - batch_pipeline - DEBUG - Initial Batch Data head:
   Unnamed: 0.1  Unnamed: 0         Parcel ID  ... Bedrooms Full Bath Half Bath
0             0           0  105 03 0D 008.00  ...      NaN       NaN       NaN
1             1           1   105 11 0 080.00  ...      2.0       1.0       0.0
2             2           2   118 03 0 130.00  ...      3.0       2.0       1.0
3             3           3   119 01 0 479.00  ...      4.0       2.0       0.0
4             4           4   119 05 0 186.00  ...      2.0       1.0       0.0

[5 rows x 31 columns]
2025-05-04 21:23:33,059 - batch_pipeline - INFO - Starting: Batch Validation
2025-05-04 21:23:33,059 - batch_pipeline - INFO - Starting validation for Nashville Housing dataset
2025-05-04 21:23:33,070 - batch_pipeline - ERROR - Column validation failed: {'missing_mandatory': ['parcelid', 'yearbuilt', 'halfbath', 'legalreference', 'buildingvalue', 'fullbath', 'landuse', 'saledate', 'finishedarea', 'landvalue', 'uniqueid', 'totalvalue', 'saleprice'], 'missing_optional': ['unnamed:_0.1', 'unnamed:_0', 'suite_condo_#'], 'unexpected': ['suite_condo__', 'unnamed_0', 'unnamed_0.1']}
2025-05-04 21:23:33,698 - batch_pipeline - WARNING - [93mFound 32477 missing values in mandatory column 'bedrooms'. These rows will be removed during processing.[0m
2025-05-04 21:23:34,264 - batch_pipeline - WARNING - [93mFound 30619 missing values in mandatory column 'acreage'. These rows will be removed during processing.[0m
2025-05-04 21:23:34,276 - batch_pipeline - ERROR - [91m================================================================================[0m
2025-05-04 21:23:34,276 - batch_pipeline - ERROR - [91mVALIDATION FAILURES DETECTED[0m
2025-05-04 21:23:34,276 - batch_pipeline - ERROR - [91m================================================================================[0m
2025-05-04 21:23:34,276 - batch_pipeline - ERROR - [93mTotal Errors Found: 1[0m
2025-05-04 21:23:34,276 - batch_pipeline - ERROR - [93mAffected Rows: 1[0m
2025-05-04 21:23:34,276 - batch_pipeline - ERROR - [91m--------------------------------------------------------------------------------[0m
2025-05-04 21:23:34,276 - batch_pipeline - ERROR - [91mERROR SUMMARY BY TYPE:[0m
2025-05-04 21:23:34,276 - batch_pipeline - ERROR - [93m  • Unrealistic Bedrooms (> 20): 1 instances[0m
2025-05-04 21:23:34,276 - batch_pipeline - ERROR - [91m--------------------------------------------------------------------------------[0m
2025-05-04 21:23:34,276 - batch_pipeline - ERROR - [91mDETAILED ERRORS:[0m
2025-05-04 21:23:34,276 - batch_pipeline - ERROR - [93m
Unrealistic Bedrooms (> 20) (1 instances):[0m
2025-05-04 21:23:34,277 - batch_pipeline - ERROR - [97m  Row 7: Bedrooms = 37.0[0m
2025-05-04 21:23:34,277 - batch_pipeline - ERROR - [91m================================================================================[0m
2025-05-04 21:23:34,277 - batch_pipeline - ERROR - [91mNashville Housing dataset failed validation[0m
2025-05-04 21:23:34,277 - batch_pipeline - ERROR - [93mFound 1 errors affecting 1 rows[0m
2025-05-04 21:23:34,280 - batch_pipeline - INFO - Completed: Batch Validation (Duration: 0:00:01.221186)
2025-05-04 21:23:34,280 - batch_pipeline - ERROR - [91mBatch Validation - FAILED[0m
2025-05-04 21:23:34,280 - batch_pipeline - DEBUG - Batch Validation results: {'column_validation': {'missing_mandatory': ['parcelid', 'yearbuilt', 'halfbath', 'legalreference', 'buildingvalue', 'fullbath', 'landuse', 'saledate', 'finishedarea', 'landvalue', 'uniqueid', 'totalvalue', 'saleprice'], 'missing_optional': ['unnamed:_0.1', 'unnamed:_0', 'suite_condo_#'], 'unexpected': ['suite_condo__', 'unnamed_0', 'unnamed_0.1']}, 'integrity_errors': [{'type': 'Unrealistic Bedrooms (> 20)', 'count': 1, 'details': ['Row 7: Bedrooms = 37.0']}], 'validation_summary': {'total_errors': 1, 'error_types': {'Unrealistic Bedrooms (> 20)': 1}, 'affected_rows': {7}, 'error_details': ['Row 7: Bedrooms = 37.0']}, 'is_valid': False}
2025-05-04 21:23:34,280 - batch_pipeline - ERROR - [91m==================================================[0m
2025-05-04 21:23:34,280 - batch_pipeline - ERROR - [91mVALIDATION FAILED - Stopping pipeline[0m
2025-05-04 21:23:34,280 - batch_pipeline - ERROR - [91m==================================================[0m
2025-05-04 21:23:34,281 - batch_pipeline - INFO - Validation errors saved to: output/logs\validation_errors_Nashville_housing_data_2013_2016_wrong_data.csv_20250504_212334.log
2025-05-04 21:23:34,288 - batch_pipeline - INFO - [94m================================================================================[0m
2025-05-04 21:23:34,288 - batch_pipeline - INFO - [94mBATCH PROCESSING SUMMARY[0m
2025-05-04 21:23:34,288 - batch_pipeline - INFO - [94m================================================================================[0m
2025-05-04 21:23:34,288 - batch_pipeline - INFO - [92mSuccessfully processed: 0 files[0m
2025-05-04 21:23:34,288 - batch_pipeline - INFO - [91mFailed to process: 1 files[0m
2025-05-04 21:23:34,288 - batch_pipeline - INFO - [94m================================================================================[0m
2025-05-04 21:23:34,288 - batch_pipeline - INFO - Completed: Batch Processing Mode (Duration: 0:00:01.542377)
