2025-05-04 20:47:23,849 - batch_pipeline - INFO - Starting: Batch Processing Mode
2025-05-04 20:47:23,849 - batch_pipeline - INFO - Found 1 batch files to process
2025-05-04 20:47:23,850 - batch_pipeline - INFO - [94mProcessing batch file: input/batch\Nashville_housing_data_2013_2016.csv[0m
2025-05-04 20:47:23,850 - batch_pipeline - INFO - Starting: Reading Batch File
2025-05-04 20:47:23,850 - batch_pipeline - INFO - Reading file: input/batch\Nashville_housing_data_2013_2016.csv
2025-05-04 20:47:24,058 - batch_pipeline - INFO - [92mSuccessfully read file with shape: (56636, 31)[0m
2025-05-04 20:47:24,059 - batch_pipeline - INFO - Completed: Reading Batch File (Duration: 0:00:00.209094)
2025-05-04 20:47:24,059 - batch_pipeline - INFO - [92mSuccessfully Read file: input/batch\Nashville_housing_data_2013_2016.csv[0m
2025-05-04 20:47:24,059 - batch_pipeline - INFO - Initial Batch Data shape: (56636, 31)
2025-05-04 20:47:24,059 - batch_pipeline - INFO - Initial Batch Data columns: ['Unnamed: 0.1', 'Unnamed: 0', 'Parcel ID', 'Land Use', 'Property Address', 'Suite/ Condo   #', 'Property City', 'Sale Date', 'Sale Price', 'Legal Reference', 'Sold As Vacant', 'Multiple Parcels Involved in Sale', 'Owner Name', 'Address', 'City', 'State', 'Acreage', 'Tax District', 'Neighborhood', 'image', 'Land Value', 'Building Value', 'Total Value', 'Finished Area', 'Foundation Type', 'Year Built', 'Exterior Wall', 'Grade', 'Bedrooms', 'Full Bath', 'Half Bath']
2025-05-04 20:47:24,136 - batch_pipeline - DEBUG - Initial Batch Data info:
None
2025-05-04 20:47:24,152 - batch_pipeline - DEBUG - Initial Batch Data head:
   Unnamed: 0.1  Unnamed: 0         Parcel ID  ... Bedrooms Full Bath Half Bath
0             0           0  105 03 0D 008.00  ...      NaN       NaN       NaN
1             1           1   105 11 0 080.00  ...      2.0       1.0       0.0
2             2           2   118 03 0 130.00  ...      3.0       2.0       1.0
3             3           3   119 01 0 479.00  ...      4.0       2.0       0.0
4             4           4   119 05 0 186.00  ...      2.0       1.0       0.0

[5 rows x 31 columns]
2025-05-04 20:47:24,153 - batch_pipeline - INFO - Starting: Batch Validation
2025-05-04 20:47:24,153 - batch_pipeline - INFO - Starting validation for Nashville Housing dataset
2025-05-04 20:47:24,160 - batch_pipeline - ERROR - Column validation failed: {'missing_mandatory': ['uniqueid', 'legalreference', 'saledate', 'finishedarea', 'buildingvalue', 'saleprice', 'landvalue', 'yearbuilt', 'halfbath', 'parcelid', 'fullbath', 'landuse', 'totalvalue'], 'missing_optional': ['unnamed:_0.1', 'unnamed:_0', 'suite_condo_#'], 'unexpected': ['suite_condo__', 'unnamed_0', 'unnamed_0.1']}
2025-05-04 20:47:24,761 - batch_pipeline - WARNING - [93mFound 32477 missing values in mandatory column 'bedrooms'. These rows will be removed during processing.[0m
2025-05-04 20:47:25,326 - batch_pipeline - WARNING - [93mFound 30619 missing values in mandatory column 'acreage'. These rows will be removed during processing.[0m
2025-05-04 20:47:25,337 - batch_pipeline - INFO - [92mAll validation checks passed[0m
2025-05-04 20:47:25,337 - batch_pipeline - INFO - [92mNashville Housing dataset passed validation[0m
2025-05-04 20:47:25,341 - batch_pipeline - INFO - Completed: Batch Validation (Duration: 0:00:01.187403)
2025-05-04 20:47:25,341 - batch_pipeline - INFO - [92mBatch Validation - PASSED[0m
2025-05-04 20:47:25,341 - batch_pipeline - DEBUG - Batch Validation results: {'column_validation': {'missing_mandatory': ['uniqueid', 'legalreference', 'saledate', 'finishedarea', 'buildingvalue', 'saleprice', 'landvalue', 'yearbuilt', 'halfbath', 'parcelid', 'fullbath', 'landuse', 'totalvalue'], 'missing_optional': ['unnamed:_0.1', 'unnamed:_0', 'suite_condo_#'], 'unexpected': ['suite_condo__', 'unnamed_0', 'unnamed_0.1']}, 'integrity_errors': [], 'validation_summary': {'total_errors': 0, 'error_types': {}, 'affected_rows': set(), 'error_details': []}, 'is_valid': True}
2025-05-04 20:47:25,341 - batch_pipeline - INFO - Starting: Batch Processing
2025-05-04 20:47:25,342 - batch_pipeline - INFO - Starting processing for Nashville Housing dataset
2025-05-04 20:47:25,342 - batch_pipeline - INFO - Standardizing column names
2025-05-04 20:47:25,342 - batch_pipeline - INFO - Handling missing values in mandatory columns
2025-05-04 20:47:25,348 - batch_pipeline - INFO - Removed 32477 rows with missing mandatory values
2025-05-04 20:47:25,348 - batch_pipeline - INFO -   - Column 'bedrooms': removed 32477 missing values
2025-05-04 20:47:25,349 - batch_pipeline - INFO -   - Column 'acreage': removed 32477 missing values
2025-05-04 20:47:25,349 - batch_pipeline - INFO - Removing duplicate rows
2025-05-04 20:47:25,390 - batch_pipeline - INFO - Removing columns: ['image', 'sold_as_vacant', 'multiple_parcels_involved_in_sale', 'unnamed:_0', 'property_address']
2025-05-04 20:47:25,395 - batch_pipeline - INFO - Adding derived columns
2025-05-04 20:47:25,396 - batch_pipeline - ERROR - Error adding derived columns: 'saledate'
2025-05-04 20:47:25,396 - batch_pipeline - INFO - Processing completed. Final shape: (24159, 26)
2025-05-04 20:47:25,396 - batch_pipeline - INFO - Completed: Batch Processing (Duration: 0:00:00.054008)
2025-05-04 20:47:25,396 - batch_pipeline - INFO - Processed Batch Data shape: (24159, 26)
2025-05-04 20:47:25,396 - batch_pipeline - INFO - Processed Batch Data columns: ['unnamed:_0.1', 'parcel_id', 'land_use', 'suite__condo___#', 'property_city', 'sale_date', 'sale_price', 'legal_reference', 'owner_name', 'address', 'city', 'state', 'acreage', 'tax_district', 'neighborhood', 'land_value', 'building_value', 'total_value', 'finished_area', 'foundation_type', 'year_built', 'exterior_wall', 'grade', 'bedrooms', 'full_bath', 'half_bath']
2025-05-04 20:47:25,421 - batch_pipeline - DEBUG - Processed Batch Data info:
None
2025-05-04 20:47:25,435 - batch_pipeline - DEBUG - Processed Batch Data head:
   unnamed:_0.1        parcel_id       land_use  ... bedrooms full_bath half_bath
1             1  105 11 0 080.00  SINGLE FAMILY  ...      2.0       1.0       0.0
2             2  118 03 0 130.00  SINGLE FAMILY  ...      3.0       2.0       1.0
3             3  119 01 0 479.00  SINGLE FAMILY  ...      4.0       2.0       0.0
4             4  119 05 0 186.00  SINGLE FAMILY  ...      2.0       1.0       0.0
5             5  119 05 0 387.00  SINGLE FAMILY  ...      2.0       1.0       0.0

[5 rows x 26 columns]
2025-05-04 20:47:25,435 - batch_pipeline - INFO - Starting: Backup Validation
2025-05-04 20:47:25,435 - batch_pipeline - INFO - Starting backup validation for processed data
2025-05-04 20:47:25,435 - batch_pipeline - ERROR - Missing derived columns: {'ownerfirstname', 'neighborhood_price_index', 'salepricecategory', 'value_condition_proxy', 'saleyear', 'propertyage', 'salemonth', 'is_new_construction', 'pricepersqft', 'landtobuildingratio', 'ownerlastname', 'price_outlier_status'}
2025-05-04 20:47:25,435 - batch_pipeline - ERROR - [91mProcessed data failed backup validation[0m
2025-05-04 20:47:25,435 - batch_pipeline - INFO - Completed: Backup Validation (Duration: 0:00:00)
2025-05-04 20:47:25,436 - batch_pipeline - ERROR - [91mBackup Validation - FAILED[0m
2025-05-04 20:47:25,436 - batch_pipeline - DEBUG - Backup Validation results: {'derived_columns_validation': {'missing_derived_columns': ['ownerfirstname', 'neighborhood_price_index', 'salepricecategory', 'value_condition_proxy', 'saleyear', 'propertyage', 'salemonth', 'is_new_construction', 'pricepersqft', 'landtobuildingratio', 'ownerlastname', 'price_outlier_status']}, 'is_valid': False}
2025-05-04 20:47:25,436 - batch_pipeline - INFO - Starting: Writing Batch Output
2025-05-04 20:47:25,436 - batch_pipeline - INFO - Attempting to write file: output/batch\processed_Nashville_housing_data_2013_2016.csv
2025-05-04 20:47:25,674 - batch_pipeline - INFO - [92mSuccessfully wrote file with shape (24159, 26) to: output/batch\processed_Nashville_housing_data_2013_2016.csv[0m
2025-05-04 20:47:25,674 - batch_pipeline - INFO - Completed: Writing Batch Output (Duration: 0:00:00.237866)
2025-05-04 20:47:25,674 - batch_pipeline - INFO - [92mSuccessfully Write file: output/batch\processed_Nashville_housing_data_2013_2016.csv[0m
2025-05-04 20:47:25,680 - batch_pipeline - INFO - [94m================================================================================[0m
2025-05-04 20:47:25,680 - batch_pipeline - INFO - [94mBATCH PROCESSING SUMMARY[0m
2025-05-04 20:47:25,680 - batch_pipeline - INFO - [94m================================================================================[0m
2025-05-04 20:47:25,680 - batch_pipeline - INFO - [92mSuccessfully processed: 1 files[0m
2025-05-04 20:47:25,680 - batch_pipeline - INFO - [91mFailed to process: 0 files[0m
2025-05-04 20:47:25,680 - batch_pipeline - INFO - [94m================================================================================[0m
2025-05-04 20:47:25,680 - batch_pipeline - INFO - Completed: Batch Processing Mode (Duration: 0:00:01.830420)
