2025-05-04 21:29:59,541 - realtime_pipeline - INFO - Starting: Realtime Monitoring Mode
2025-05-04 21:29:59,542 - realtime_pipeline - INFO - Watching for new files...
2025-05-04 21:30:54,549 - realtime_pipeline - INFO - [94mProcessing realtime file: input/realtime\F1DriversCleanNew.csv[0m
2025-05-04 21:30:54,563 - realtime_pipeline - INFO - Starting: Reading Realtime File
2025-05-04 21:30:54,563 - realtime_pipeline - INFO - Reading file: input/realtime\F1DriversCleanNew.csv
2025-05-04 21:30:54,568 - realtime_pipeline - INFO - [92mSuccessfully read file with shape: (868, 16)[0m
2025-05-04 21:30:54,568 - realtime_pipeline - INFO - Completed: Reading Realtime File (Duration: 0:00:00.004435)
2025-05-04 21:30:54,568 - realtime_pipeline - INFO - [92mSuccessfully Read file: input/realtime\F1DriversCleanNew.csv[0m
2025-05-04 21:30:54,568 - realtime_pipeline - INFO - Initial Realtime Data shape: (868, 16)
2025-05-04 21:30:54,568 - realtime_pipeline - INFO - Initial Realtime Data columns: ['Unnamed: 0', 'Driver', 'Nationality', 'Seasons', 'Championships', 'Race_Entries', 'Race_Starts', 'Pole_Positions', 'Race_Wins', 'Podiums', 'Fastest_Laps', 'Points', 'Active', 'Decade', 'Years_Active', 'Champion']
2025-05-04 21:30:54,572 - realtime_pipeline - DEBUG - Initial Realtime Data info:
None
2025-05-04 21:30:54,579 - realtime_pipeline - DEBUG - Initial Realtime Data head:
   Unnamed: 0             Driver  ... Years_Active Champion
0           0        Carlo Abate  ...            2    False
1           1   George Abecassis  ...            2    False
2           2      Kenny Acheson  ...            2    False
3           3  Andrea de Adamich  ...            5    False
4           4     Philippe Adams  ...            1    False

[5 rows x 16 columns]
2025-05-04 21:30:54,579 - realtime_pipeline - INFO - Starting: Realtime Validation
2025-05-04 21:30:54,579 - realtime_pipeline - ERROR - [91mException in processing realtime file input/realtime\F1DriversCleanNew.csv: name 'RealtimeValidator' is not defined[0m
2025-05-04 21:31:46,399 - realtime_pipeline - INFO - Stopping realtime monitoring
2025-05-04 21:31:46,399 - realtime_pipeline - INFO - Completed: Realtime Monitoring Mode (Duration: 0:01:46.858098)
