[2025-05-04T22:49:08.941+0000] {taskinstance.py:1957} INFO - Dependencies all met for dep_context=non-requeueable deps ti=<TaskInstance: batch_processing_pipeline.run_batch_pipeline manual__2025-05-04T22:48:06.735200+00:00 [queued]>
[2025-05-04T22:49:08.943+0000] {taskinstance.py:1957} INFO - Dependencies all met for dep_context=requeueable deps ti=<TaskInstance: batch_processing_pipeline.run_batch_pipeline manual__2025-05-04T22:48:06.735200+00:00 [queued]>
[2025-05-04T22:49:08.943+0000] {taskinstance.py:2171} INFO - Starting attempt 2 of 2
[2025-05-04T22:49:08.948+0000] {taskinstance.py:2192} INFO - Executing <Task(BashOperator): run_batch_pipeline> on 2025-05-04 22:48:06.735200+00:00
[2025-05-04T22:49:08.950+0000] {standard_task_runner.py:60} INFO - Started process 82 to run task
[2025-05-04T22:49:08.952+0000] {standard_task_runner.py:87} INFO - Running: ['***', 'tasks', 'run', 'batch_processing_pipeline', 'run_batch_pipeline', 'manual__2025-05-04T22:48:06.735200+00:00', '--job-id', '22', '--raw', '--subdir', 'DAGS_FOLDER/batch_processing.py', '--cfg-path', '/tmp/tmpb6qewj3c']
[2025-05-04T22:49:08.956+0000] {standard_task_runner.py:88} INFO - Job 22: Subtask run_batch_pipeline
[2025-05-04T22:49:08.975+0000] {task_command.py:423} INFO - Running <TaskInstance: batch_processing_pipeline.run_batch_pipeline manual__2025-05-04T22:48:06.735200+00:00 [running]> on host 005f33274be4
[2025-05-04T22:49:08.999+0000] {taskinstance.py:2481} INFO - Exporting env vars: AIRFLOW_CTX_DAG_OWNER='you' AIRFLOW_CTX_DAG_ID='batch_processing_pipeline' AIRFLOW_CTX_TASK_ID='run_batch_pipeline' AIRFLOW_CTX_EXECUTION_DATE='2025-05-04T22:48:06.735200+00:00' AIRFLOW_CTX_TRY_NUMBER='2' AIRFLOW_CTX_DAG_RUN_ID='manual__2025-05-04T22:48:06.735200+00:00'
[2025-05-04T22:49:09.000+0000] {subprocess.py:63} INFO - Tmp dir root location: /tmp
[2025-05-04T22:49:09.000+0000] {subprocess.py:75} INFO - Running command: ['/usr/bin/bash', '-c', 'python /opt/***/main.py --mode batch']
[2025-05-04T22:49:09.004+0000] {subprocess.py:86} INFO - Output:
[2025-05-04T22:49:09.013+0000] {subprocess.py:93} INFO - python: can't open file '/opt/***/main.py': [Errno 2] No such file or directory
[2025-05-04T22:49:09.014+0000] {subprocess.py:97} INFO - Command exited with return code 2
[2025-05-04T22:49:09.018+0000] {taskinstance.py:2699} ERROR - Task failed with exception
Traceback (most recent call last):
  File "/home/airflow/.local/lib/python3.8/site-packages/airflow/models/taskinstance.py", line 433, in _execute_task
    result = execute_callable(context=context, **execute_callable_kwargs)
  File "/home/airflow/.local/lib/python3.8/site-packages/airflow/operators/bash.py", line 212, in execute
    raise AirflowException(
airflow.exceptions.AirflowException: Bash command failed. The command returned a non-zero exit code 2.
[2025-05-04T22:49:09.020+0000] {taskinstance.py:1138} INFO - Marking task as FAILED. dag_id=batch_processing_pipeline, task_id=run_batch_pipeline, execution_date=20250504T224806, start_date=20250504T224908, end_date=20250504T224909
[2025-05-04T22:49:09.024+0000] {standard_task_runner.py:107} ERROR - Failed to execute job 22 for task run_batch_pipeline (Bash command failed. The command returned a non-zero exit code 2.; 82)
[2025-05-04T22:49:09.050+0000] {local_task_job_runner.py:234} INFO - Task exited with return code 1
[2025-05-04T22:49:09.057+0000] {taskinstance.py:3281} INFO - 0 downstream tasks scheduled from follow-on schedule check
