[2025-05-04T22:26:45.746+0000] {taskinstance.py:1957} INFO - Dependencies all met for dep_context=non-requeueable deps ti=<TaskInstance: batch_processing_pipeline.run_batch_pipeline scheduled__2025-05-03T00:00:00+00:00 [queued]>
[2025-05-04T22:26:45.752+0000] {taskinstance.py:1957} INFO - Dependencies all met for dep_context=requeueable deps ti=<TaskInstance: batch_processing_pipeline.run_batch_pipeline scheduled__2025-05-03T00:00:00+00:00 [queued]>
[2025-05-04T22:26:45.752+0000] {taskinstance.py:2171} INFO - Starting attempt 1 of 2
[2025-05-04T22:26:45.760+0000] {taskinstance.py:2192} INFO - Executing <Task(BashOperator): run_batch_pipeline> on 2025-05-03 00:00:00+00:00
[2025-05-04T22:26:45.762+0000] {standard_task_runner.py:60} INFO - Started process 81 to run task
[2025-05-04T22:26:45.764+0000] {standard_task_runner.py:87} INFO - Running: ['***', 'tasks', 'run', 'batch_processing_pipeline', 'run_batch_pipeline', 'scheduled__2025-05-03T00:00:00+00:00', '--job-id', '6', '--raw', '--subdir', 'DAGS_FOLDER/batch_processing.py', '--cfg-path', '/tmp/tmpxpg3vc4u']
[2025-05-04T22:26:45.766+0000] {standard_task_runner.py:88} INFO - Job 6: Subtask run_batch_pipeline
[2025-05-04T22:26:45.785+0000] {task_command.py:423} INFO - Running <TaskInstance: batch_processing_pipeline.run_batch_pipeline scheduled__2025-05-03T00:00:00+00:00 [running]> on host 005f33274be4
[2025-05-04T22:26:45.819+0000] {taskinstance.py:2481} INFO - Exporting env vars: AIRFLOW_CTX_DAG_OWNER='you' AIRFLOW_CTX_DAG_ID='batch_processing_pipeline' AIRFLOW_CTX_TASK_ID='run_batch_pipeline' AIRFLOW_CTX_EXECUTION_DATE='2025-05-03T00:00:00+00:00' AIRFLOW_CTX_TRY_NUMBER='1' AIRFLOW_CTX_DAG_RUN_ID='scheduled__2025-05-03T00:00:00+00:00'
[2025-05-04T22:26:45.820+0000] {subprocess.py:63} INFO - Tmp dir root location: /tmp
[2025-05-04T22:26:45.821+0000] {subprocess.py:75} INFO - Running command: ['/usr/bin/bash', '-c', 'cd /path/to/your/project && python main.py --mode batch']
[2025-05-04T22:26:45.828+0000] {subprocess.py:86} INFO - Output:
[2025-05-04T22:26:45.829+0000] {subprocess.py:93} INFO - /usr/bin/bash: line 1: cd: /path/to/your/project: No such file or directory
[2025-05-04T22:26:45.829+0000] {subprocess.py:97} INFO - Command exited with return code 1
[2025-05-04T22:26:45.835+0000] {taskinstance.py:2699} ERROR - Task failed with exception
Traceback (most recent call last):
  File "/home/airflow/.local/lib/python3.8/site-packages/airflow/models/taskinstance.py", line 433, in _execute_task
    result = execute_callable(context=context, **execute_callable_kwargs)
  File "/home/airflow/.local/lib/python3.8/site-packages/airflow/operators/bash.py", line 212, in execute
    raise AirflowException(
airflow.exceptions.AirflowException: Bash command failed. The command returned a non-zero exit code 1.
[2025-05-04T22:26:45.837+0000] {taskinstance.py:1138} INFO - Marking task as UP_FOR_RETRY. dag_id=batch_processing_pipeline, task_id=run_batch_pipeline, execution_date=20250503T000000, start_date=20250504T222645, end_date=20250504T222645
[2025-05-04T22:26:45.845+0000] {standard_task_runner.py:107} ERROR - Failed to execute job 6 for task run_batch_pipeline (Bash command failed. The command returned a non-zero exit code 1.; 81)
[2025-05-04T22:26:45.862+0000] {local_task_job_runner.py:234} INFO - Task exited with return code 1
[2025-05-04T22:26:45.872+0000] {taskinstance.py:3281} INFO - 0 downstream tasks scheduled from follow-on schedule check
